
Martin@Martin-PC MINGW64 ~
$ cd ..
c
Martin@Martin-PC MINGW64 /c/Users
$ cd ..
cd
Martin@Martin-PC MINGW64 /c
$ cd ws_grails/

Martin@Martin-PC MINGW64 /c/ws_grails
$ cd ProjectTracker/

Martin@Martin-PC MINGW64 /c/ws_grails/ProjectTracker
$ git init
Initialized empty Git repository in C:/ws_grails/ProjectTracker/.git/

Martin@Martin-PC MINGW64 /c/ws_grails/ProjectTracker (master)
$ git remote add https://github.com/magrellet/ProjectTracker.git
usage: git remote add [<options>] <name> <url>

    -f, --fetch           fetch the remote branches
    --tags                import all tags and associated objects when fetching
                          or do not fetch any tag at all (--no-tags)
    -t, --track <branch>  branch(es) to track
    -m, --master <branch>
                          master branch
    --mirror[=<push|fetch>]
                          set up remote as a mirror to push to or fetch from


Martin@Martin-PC MINGW64 /c/ws_grails/ProjectTracker (master)
$ git remote add origin https://github.com/magrellet/ProjectTracker.git

Martin@Martin-PC MINGW64 /c/ws_grails/ProjectTracker (master)
$ git push origin master
error: src refspec master does not match any.
error: failed to push some refs to 'https://github.com/magrellet/ProjectTracker.git'

Martin@Martin-PC MINGW64 /c/ws_grails/ProjectTracker (master)
$ git status
On branch master

Initial commit

Untracked files:
  (use "git add <file>..." to include in what will be committed)

        .classpath
        .project
        .settings/
        application.properties
        grails-app/
        target-eclipse/
        target/
        web-app/

nothing added to commit but untracked files present (use "git add" to track)

Martin@Martin-PC MINGW64 /c/ws_grails/ProjectTracker (master)
$ git add .
warning: LF will be replaced by CRLF in .project.
The file will have its original line endings in your working directory.
warning: LF will be replaced by CRLF in .settings/org.codehaus.groovy.eclipse.preferences.prefs.
The file will have its original line endings in your working directory.
warning: LF will be replaced by CRLF in grails-app/conf/ApplicationResources.groovy.
The file will have its original line endings in your working directory.
warning: LF will be replaced by CRLF in grails-app/conf/BootStrap.groovy.
The file will have its original line endings in your working directory.
warning: LF will be replaced by CRLF in grails-app/conf/BuildConfig.groovy.
The file will have its original line endings in your working directory.
warning: LF will be replaced by CRLF in grails-app/conf/Config.groovy.
The file will have its original line endings in your working directory.
warning: LF will be replaced by CRLF in grails-app/conf/DataSource.groovy.
The file will have its original line endings in your working directory.
warning: LF will be replaced by CRLF in grails-app/conf/UrlMappings.groovy.
The file will have its original line endings in your working directory.
warning: LF will be replaced by CRLF in grails-app/conf/spring/resources.groovy.
The file will have its original line endings in your working directory.
warning: LF will be replaced by CRLF in grails-app/i18n/messages.properties.
The file will have its original line endings in your working directory.
warning: LF will be replaced by CRLF in grails-app/i18n/messages_da.properties.
The file will have its original line endings in your working directory.
warning: LF will be replaced by CRLF in grails-app/i18n/messages_es.properties.
The file will have its original line endings in your working directory.
warning: LF will be replaced by CRLF in grails-app/i18n/messages_nl.properties.
The file will have its original line endings in your working directory.
warning: LF will be replaced by CRLF in grails-app/i18n/messages_pt_BR.properties.
The file will have its original line endings in your working directory.
warning: LF will be replaced by CRLF in grails-app/i18n/messages_sv.properties.
The file will have its original line endings in your working directory.
warning: LF will be replaced by CRLF in grails-app/views/error.gsp.
The file will have its original line endings in your working directory.
warning: LF will be replaced by CRLF in grails-app/views/index.gsp.
The file will have its original line endings in your working directory.
warning: LF will be replaced by CRLF in grails-app/views/layouts/main.gsp.
The file will have its original line endings in your working directory.
warning: LF will be replaced by CRLF in web-app/WEB-INF/applicationContext.xml.
The file will have its original line endings in your working directory.
warning: LF will be replaced by CRLF in web-app/WEB-INF/sitemesh.xml.
The file will have its original line endings in your working directory.
warning: LF will be replaced by CRLF in web-app/WEB-INF/tld/c.tld.
The file will have its original line endings in your working directory.
warning: LF will be replaced by CRLF in web-app/WEB-INF/tld/fmt.tld.
The file will have its original line endings in your working directory.
warning: LF will be replaced by CRLF in web-app/WEB-INF/tld/grails.tld.
The file will have its original line endings in your working directory.
warning: LF will be replaced by CRLF in web-app/WEB-INF/tld/spring.tld.
The file will have its original line endings in your working directory.
warning: LF will be replaced by CRLF in web-app/css/errors.css.
The file will have its original line endings in your working directory.
warning: LF will be replaced by CRLF in web-app/css/main.css.
The file will have its original line endings in your working directory.
warning: LF will be replaced by CRLF in web-app/css/mobile.css.
The file will have its original line endings in your working directory.
warning: LF will be replaced by CRLF in web-app/js/application.js.
The file will have its original line endings in your working directory.

Martin@Martin-PC MINGW64 /c/ws_grails/ProjectTracker (master)
$ git commit -m "first commit"
[master (root-commit) 2ed0035] first commit
warning: LF will be replaced by CRLF in .project.
The file will have its original line endings in your working directory.
warning: LF will be replaced by CRLF in .settings/org.codehaus.groovy.eclipse.preferences.prefs.
The file will have its original line endings in your working directory.
warning: LF will be replaced by CRLF in grails-app/conf/ApplicationResources.groovy.
The file will have its original line endings in your working directory.
warning: LF will be replaced by CRLF in grails-app/conf/BootStrap.groovy.
The file will have its original line endings in your working directory.
warning: LF will be replaced by CRLF in grails-app/conf/BuildConfig.groovy.
The file will have its original line endings in your working directory.
warning: LF will be replaced by CRLF in grails-app/conf/Config.groovy.
The file will have its original line endings in your working directory.
warning: LF will be replaced by CRLF in grails-app/conf/DataSource.groovy.
The file will have its original line endings in your working directory.
warning: LF will be replaced by CRLF in grails-app/conf/UrlMappings.groovy.
The file will have its original line endings in your working directory.
warning: LF will be replaced by CRLF in grails-app/conf/spring/resources.groovy.
The file will have its original line endings in your working directory.
warning: LF will be replaced by CRLF in grails-app/i18n/messages.properties.
The file will have its original line endings in your working directory.
warning: LF will be replaced by CRLF in grails-app/i18n/messages_da.properties.
The file will have its original line endings in your working directory.
warning: LF will be replaced by CRLF in grails-app/i18n/messages_es.properties.
The file will have its original line endings in your working directory.
warning: LF will be replaced by CRLF in grails-app/i18n/messages_nl.properties.
The file will have its original line endings in your working directory.
warning: LF will be replaced by CRLF in grails-app/i18n/messages_pt_BR.properties.
The file will have its original line endings in your working directory.
warning: LF will be replaced by CRLF in grails-app/i18n/messages_sv.properties.
The file will have its original line endings in your working directory.
warning: LF will be replaced by CRLF in grails-app/views/error.gsp.
The file will have its original line endings in your working directory.
warning: LF will be replaced by CRLF in grails-app/views/index.gsp.
The file will have its original line endings in your working directory.
warning: LF will be replaced by CRLF in grails-app/views/layouts/main.gsp.
The file will have its original line endings in your working directory.
warning: LF will be replaced by CRLF in web-app/WEB-INF/applicationContext.xml.
The file will have its original line endings in your working directory.
warning: LF will be replaced by CRLF in web-app/WEB-INF/sitemesh.xml.
The file will have its original line endings in your working directory.
warning: LF will be replaced by CRLF in web-app/WEB-INF/tld/c.tld.
The file will have its original line endings in your working directory.
warning: LF will be replaced by CRLF in web-app/WEB-INF/tld/fmt.tld.
The file will have its original line endings in your working directory.
warning: LF will be replaced by CRLF in web-app/WEB-INF/tld/grails.tld.
The file will have its original line endings in your working directory.
warning: LF will be replaced by CRLF in web-app/WEB-INF/tld/spring.tld.
The file will have its original line endings in your working directory.
warning: LF will be replaced by CRLF in web-app/css/errors.css.
The file will have its original line endings in your working directory.
warning: LF will be replaced by CRLF in web-app/css/main.css.
The file will have its original line endings in your working directory.
warning: LF will be replaced by CRLF in web-app/css/mobile.css.
The file will have its original line endings in your working directory.
warning: LF will be replaced by CRLF in web-app/js/application.js.
The file will have its original line endings in your working directory.
 292 files changed, 4157 insertions(+)
 create mode 100644 .classpath
 create mode 100644 .project
 create mode 100644 .settings/org.codehaus.groovy.eclipse.preferences.prefs
 create mode 100644 .settings/org.eclipse.core.resources.prefs
 create mode 100644 .settings/org.eclipse.jdt.groovy.core.prefs
 create mode 100644 .settings/org.eclipse.wst.common.project.facet.core.xml
 create mode 100644 application.properties
 create mode 100644 grails-app/conf/ApplicationResources.groovy
 create mode 100644 grails-app/conf/BootStrap.groovy
 create mode 100644 grails-app/conf/BuildConfig.groovy
 create mode 100644 grails-app/conf/Config.groovy
 create mode 100644 grails-app/conf/DataSource.groovy
 create mode 100644 grails-app/conf/UrlMappings.groovy
 create mode 100644 grails-app/conf/spring/resources.groovy
 create mode 100644 grails-app/i18n/messages.properties
 create mode 100644 grails-app/i18n/messages_cs_CZ.properties
 create mode 100644 grails-app/i18n/messages_da.properties
 create mode 100644 grails-app/i18n/messages_de.properties
 create mode 100644 grails-app/i18n/messages_es.properties
 create mode 100644 grails-app/i18n/messages_fr.properties
 create mode 100644 grails-app/i18n/messages_it.properties
 create mode 100644 grails-app/i18n/messages_ja.properties
 create mode 100644 grails-app/i18n/messages_nl.properties
 create mode 100644 grails-app/i18n/messages_pt_BR.properties
 create mode 100644 grails-app/i18n/messages_pt_PT.properties
 create mode 100644 grails-app/i18n/messages_ru.properties
 create mode 100644 grails-app/i18n/messages_sv.properties
 create mode 100644 grails-app/i18n/messages_th.properties
 create mode 100644 grails-app/i18n/messages_zh_CN.properties
 create mode 100644 grails-app/views/error.gsp
 create mode 100644 grails-app/views/index.gsp
 create mode 100644 grails-app/views/layouts/main.gsp
 create mode 100644 target-eclipse/classes/ApplicationResources$_run_closure1.class
 create mode 100644 target-eclipse/classes/ApplicationResources$_run_closure1_closure2.class
 create mode 100644 target-eclipse/classes/ApplicationResources.class
 create mode 100644 target-eclipse/classes/BootStrap$_closure1.class
 create mode 100644 target-eclipse/classes/BootStrap$_closure2.class
 create mode 100644 target-eclipse/classes/BootStrap.class
 create mode 100644 target-eclipse/classes/BuildConfig$_run_closure1.class
 create mode 100644 target-eclipse/classes/BuildConfig$_run_closure1_closure2.class
 create mode 100644 target-eclipse/classes/BuildConfig$_run_closure1_closure3.class
 create mode 100644 target-eclipse/classes/BuildConfig$_run_closure1_closure4.class
 create mode 100644 target-eclipse/classes/BuildConfig$_run_closure1_closure5.class
 create mode 100644 target-eclipse/classes/BuildConfig.class
 create mode 100644 target-eclipse/classes/Config$_run_closure1.class
 create mode 100644 target-eclipse/classes/Config$_run_closure1_closure3.class
 create mode 100644 target-eclipse/classes/Config$_run_closure1_closure4.class
 create mode 100644 target-eclipse/classes/Config$_run_closure2.class
 create mode 100644 target-eclipse/classes/Config.class
 create mode 100644 target-eclipse/classes/DataSource$_run_closure1.class
 create mode 100644 target-eclipse/classes/DataSource$_run_closure2.class
 create mode 100644 target-eclipse/classes/DataSource$_run_closure3.class
 create mode 100644 target-eclipse/classes/DataSource$_run_closure3_closure4.class
 create mode 100644 target-eclipse/classes/DataSource$_run_closure3_closure4_closure7.class
 create mode 100644 target-eclipse/classes/DataSource$_run_closure3_closure5.class
 create mode 100644 target-eclipse/classes/DataSource$_run_closure3_closure5_closure8.class
 create mode 100644 target-eclipse/classes/DataSource$_run_closure3_closure6.class
 create mode 100644 target-eclipse/classes/DataSource$_run_closure3_closure6_closure9.class
 create mode 100644 target-eclipse/classes/DataSource$_run_closure3_closure6_closure9_closure10.class
 create mode 100644 target-eclipse/classes/DataSource.class
 create mode 100644 target-eclipse/classes/DefaultWebXmlConfig$_run_closure1.class
 create mode 100644 target-eclipse/classes/DefaultWebXmlConfig.class
 create mode 100644 target-eclipse/classes/JQueryConfig$_run_closure1.class
 create mode 100644 target-eclipse/classes/JQueryConfig.class
 create mode 100644 target-eclipse/classes/JQueryPluginResources$_run_closure1.class
 create mode 100644 target-eclipse/classes/JQueryPluginResources$_run_closure1_closure2.class
 create mode 100644 target-eclipse/classes/JQueryPluginResources$_run_closure1_closure3.class
 create mode 100644 target-eclipse/classes/JQueryPluginResources.class
 create mode 100644 target-eclipse/classes/JQueryResourceTagLib$_closure1.class
 create mode 100644 target-eclipse/classes/JQueryResourceTagLib$_closure2.class
 create mode 100644 target-eclipse/classes/JQueryResourceTagLib$_closure2_closure4.class
 create mode 100644 target-eclipse/classes/JQueryResourceTagLib$_closure2_closure5.class
 create mode 100644 target-eclipse/classes/JQueryResourceTagLib$_closure2_closure6.class
 create mode 100644 target-eclipse/classes/JQueryResourceTagLib$_closure2_closure7.class
 create mode 100644 target-eclipse/classes/JQueryResourceTagLib$_closure3.class
 create mode 100644 target-eclipse/classes/JQueryResourceTagLib.class
 create mode 100644 target-eclipse/classes/JQueryService$_closure1.class
 create mode 100644 target-eclipse/classes/JQueryService$_closure2.class
 create mode 100644 target-eclipse/classes/JQueryService$_closure3.class
 create mode 100644 target-eclipse/classes/JQueryService$_closure4.class
 create mode 100644 target-eclipse/classes/JQueryService.class
 create mode 100644 target-eclipse/classes/JQueryTagLib$_closure1.class
 create mode 100644 target-eclipse/classes/JQueryTagLib$_closure1_closure6.class
 create mode 100644 target-eclipse/classes/JQueryTagLib$_closure2.class
 create mode 100644 target-eclipse/classes/JQueryTagLib$_closure3.class
 create mode 100644 target-eclipse/classes/JQueryTagLib$_closure4.class
 create mode 100644 target-eclipse/classes/JQueryTagLib$_closure5.class
 create mode 100644 target-eclipse/classes/JQueryTagLib.class
 create mode 100644 target-eclipse/classes/ResourcesBootStrap$_closure1.class
 create mode 100644 target-eclipse/classes/ResourcesBootStrap$_closure2.class
 create mode 100644 target-eclipse/classes/ResourcesBootStrap.class
 create mode 100644 target-eclipse/classes/UrlMappings$__clinit__closure1.class
 create mode 100644 target-eclipse/classes/UrlMappings$__clinit__closure1_closure2.class
 create mode 100644 target-eclipse/classes/UrlMappings$__clinit__closure1_closure2_closure3.class
 create mode 100644 target-eclipse/classes/UrlMappings.class
 create mode 100644 target-eclipse/classes/grails/plugin/webxml/FilterManager.class
 create mode 100644 target-eclipse/classes/messages.properties
 create mode 100644 target-eclipse/classes/org/codehaus/groovy/grails/plugins/jquery/JQueryConfig$_init_closure1.class
 create mode 100644 target-eclipse/classes/org/codehaus/groovy/grails/plugins/jquery/JQueryConfig$_init_closure2.class
 create mode 100644 target-eclipse/classes/org/codehaus/groovy/grails/plugins/jquery/JQueryConfig.class
 create mode 100644 target-eclipse/classes/org/codehaus/groovy/grails/plugins/jquery/JQueryProvider$_doRemoteFunction_closure1.class
 create mode 100644 target-eclipse/classes/org/codehaus/groovy/grails/plugins/jquery/JQueryProvider$_doRemoteFunction_closure2.class
 create mode 100644 target-eclipse/classes/org/codehaus/groovy/grails/plugins/jquery/JQueryProvider$_doRemoteFunction_closure3.class
 create mode 100644 target-eclipse/classes/org/codehaus/groovy/grails/plugins/jquery/JQueryProvider$_doRemoteFunction_closure4.class
 create mode 100644 target-eclipse/classes/org/codehaus/groovy/grails/plugins/jquery/JQueryProvider.class
 create mode 100644 target-eclipse/classes/org/grails/plugin/resource/AggregatedResourceMeta$_buildAggregateResource_closure3.class
 create mode 100644 target-eclipse/classes/org/grails/plugin/resource/AggregatedResourceMeta$_buildAggregateResource_closure3_closure4.class
 create mode 100644 target-eclipse/classes/org/grails/plugin/resource/AggregatedResourceMeta$_containsResource_closure1.class
 create mode 100644 target-eclipse/classes/org/grails/plugin/resource/AggregatedResourceMeta$_isDirty_closure2.class
 create mode 100644 target-eclipse/classes/org/grails/plugin/resource/AggregatedResourceMeta.class
 create mode 100644 target-eclipse/classes/org/grails/plugin/resource/BundleResourceMapper.class
 create mode 100644 target-eclipse/classes/org/grails/plugin/resource/CSSBundleResourceMeta.class
 create mode 100644 target-eclipse/classes/org/grails/plugin/resource/CSSLinkProcessor$_process_closure1.class
 create mode 100644 target-eclipse/classes/org/grails/plugin/resource/CSSLinkProcessor.class
 create mode 100644 target-eclipse/classes/org/grails/plugin/resource/CSSPreprocessorResourceMapper$_map_closure1.class
 create mode 100644 target-eclipse/classes/org/grails/plugin/resource/CSSPreprocessorResourceMapper.class
 create mode 100644 target-eclipse/classes/org/grails/plugin/resource/CSSRewriterResourceMapper$_map_closure1.class
 create mode 100644 target-eclipse/classes/org/grails/plugin/resource/CSSRewriterResourceMapper$_map_closure1_closure2.class
 create mode 100644 target-eclipse/classes/org/grails/plugin/resource/CSSRewriterResourceMapper.class
 create mode 100644 target-eclipse/classes/org/grails/plugin/resource/DevModeSanityFilter.class
 create mode 100644 target-eclipse/classes/org/grails/plugin/resource/JavaScriptBundleResourceMeta.class
 create mode 100644 target-eclipse/classes/org/grails/plugin/resource/ProcessingFilter.class
 create mode 100644 target-eclipse/classes/org/grails/plugin/resource/ResourceMeta$_reset_closure1.class
 create mode 100644 target-eclipse/classes/org/grails/plugin/resource/ResourceMeta.class
 create mode 100644 target-eclipse/classes/org/grails/plugin/resource/ResourceModule$_closure1.class
 create mode 100644 target-eclipse/classes/org/grails/plugin/resource/ResourceModule$_getRequiredDispositions_closure3.class
 create mode 100644 target-eclipse/classes/org/grails/plugin/resource/ResourceModule$_newResourceFromArgs_closure2.class
 create mode 100644 target-eclipse/classes/org/grails/plugin/resource/ResourceModule.class
 create mode 100644 target-eclipse/classes/org/grails/plugin/resource/ResourceProcessor$_afterPropertiesSet_closure5.class
 create mode 100644 target-eclipse/classes/org/grails/plugin/resource/ResourceProcessor$_afterPropertiesSet_closure6.class
 create mode 100644 target-eclipse/classes/org/grails/plugin/resource/ResourceProcessor$_canProcessLegacyResource_closure7.class
 create mode 100644 target-eclipse/classes/org/grails/plugin/resource/ResourceProcessor$_canProcessLegacyResource_closure8.class
 create mode 100644 target-eclipse/classes/org/grails/plugin/resource/ResourceProcessor$_defineModuleFromBuilder_closure16.class
 create mode 100644 target-eclipse/classes/org/grails/plugin/resource/ResourceProcessor$_dumpResources_closure21.class
 create mode 100644 target-eclipse/classes/org/grails/plugin/resource/ResourceProcessor$_dumpResources_closure21_closure35.class
 create mode 100644 target-eclipse/classes/org/grails/plugin/resource/ResourceProcessor$_dumpResources_closure21_closure36.class
 create mode 100644 target-eclipse/classes/org/grails/plugin/resource/ResourceProcessor$_dumpResources_closure22.class
 create mode 100644 target-eclipse/classes/org/grails/plugin/resource/ResourceProcessor$_dumpStats_closure20.class
 create mode 100644 target-eclipse/classes/org/grails/plugin/resource/ResourceProcessor$_dumpStats_closure20_closure34.class
 create mode 100644 target-eclipse/classes/org/grails/plugin/resource/ResourceProcessor$_findSyntheticResourceById_closure9.class
 create mode 100644 target-eclipse/classes/org/grails/plugin/resource/ResourceProcessor$_getConfigParamOrDefault_closure23.class
 create mode 100644 target-eclipse/classes/org/grails/plugin/resource/ResourceProcessor$_getResourceMetaForURI_closure10.class
 create mode 100644 target-eclipse/classes/org/grails/plugin/resource/ResourceProcessor$_getResourceMetaForURI_closure10_closure27.class
 create mode 100644 target-eclipse/classes/org/grails/plugin/resource/ResourceProcessor$_getServletContext_closure24.class
 create mode 100644 target-eclipse/classes/org/grails/plugin/resource/ResourceProcessor$_loadModules_closure17.class
 create mode 100644 target-eclipse/classes/org/grails/plugin/resource/ResourceProcessor$_loadModules_closure18.class
 create mode 100644 target-eclipse/classes/org/grails/plugin/resource/ResourceProcessor$_loadModules_closure18_closure30.class
 create mode 100644 target-eclipse/classes/org/grails/plugin/resource/ResourceProcessor$_loadModules_closure18_closure31.class
 create mode 100644 target-eclipse/classes/org/grails/plugin/resource/ResourceProcessor$_loadModules_closure18_closure31_closure32.class
 create mode 100644 target-eclipse/classes/org/grails/plugin/resource/ResourceProcessor$_loadModules_closure18_closure31_closure33.class
 create mode 100644 target-eclipse/classes/org/grails/plugin/resource/ResourceProcessor$_loadModules_closure19.class
 create mode 100644 target-eclipse/classes/org/grails/plugin/resource/ResourceProcessor$_makeFileSystemPathFromURI_closure11.class
 create mode 100644 target-eclipse/classes/org/grails/plugin/resource/ResourceProcessor$_prepareResourceBatch_closure13.class
 create mode 100644 target-eclipse/classes/org/grails/plugin/resource/ResourceProcessor$_prepareResourceBatch_closure14.class
 create mode 100644 target-eclipse/classes/org/grails/plugin/resource/ResourceProcessor$_prepareResourceBatch_closure14_closure28.class
 create mode 100644 target-eclipse/classes/org/grails/plugin/resource/ResourceProcessor$_prepareResourceBatch_closure14_closure29.class
 create mode 100644 target-eclipse/classes/org/grails/plugin/resource/ResourceProcessor$_prepareResourceBatch_closure15.class
 create mode 100644 target-eclipse/classes/org/grails/plugin/resource/ResourceProcessor$_prepareSingleDeclaredResource_closure12.class
 create mode 100644 target-eclipse/classes/org/grails/plugin/resource/ResourceProcessor$_updateDependencyOrder_closure1.class
 create mode 100644 target-eclipse/classes/org/grails/plugin/resource/ResourceProcessor$_updateDependencyOrder_closure2.class
 create mode 100644 target-eclipse/classes/org/grails/plugin/resource/ResourceProcessor$_updateDependencyOrder_closure3.class
 create mode 100644 target-eclipse/classes/org/grails/plugin/resource/ResourceProcessor$_updateDependencyOrder_closure3_closure25.class
 create mode 100644 target-eclipse/classes/org/grails/plugin/resource/ResourceProcessor$_updateDependencyOrder_closure4.class
 create mode 100644 target-eclipse/classes/org/grails/plugin/resource/ResourceProcessor$_updateDependencyOrder_closure4_closure26.class
 create mode 100644 target-eclipse/classes/org/grails/plugin/resource/ResourceProcessor.class
 create mode 100644 target-eclipse/classes/org/grails/plugin/resource/ResourceProcessorBatch.class
 create mode 100644 target-eclipse/classes/org/grails/plugin/resource/ResourceTagLib$__clinit__closure13.class
 create mode 100644 target-eclipse/classes/org/grails/plugin/resource/ResourceTagLib$__clinit__closure14.class
 create mode 100644 target-eclipse/classes/org/grails/plugin/resource/ResourceTagLib$_closure1.class
 create mode 100644 target-eclipse/classes/org/grails/plugin/resource/ResourceTagLib$_closure10.class
 create mode 100644 target-eclipse/classes/org/grails/plugin/resource/ResourceTagLib$_closure10_closure17.class
 create mode 100644 target-eclipse/classes/org/grails/plugin/resource/ResourceTagLib$_closure1_closure15.class
 create mode 100644 target-eclipse/classes/org/grails/plugin/resource/ResourceTagLib$_closure2.class
 create mode 100644 target-eclipse/classes/org/grails/plugin/resource/ResourceTagLib$_closure3.class
 create mode 100644 target-eclipse/classes/org/grails/plugin/resource/ResourceTagLib$_closure4.class
 create mode 100644 target-eclipse/classes/org/grails/plugin/resource/ResourceTagLib$_closure5.class
 create mode 100644 target-eclipse/classes/org/grails/plugin/resource/ResourceTagLib$_closure5_closure16.class
 create mode 100644 target-eclipse/classes/org/grails/plugin/resource/ResourceTagLib$_closure6.class
 create mode 100644 target-eclipse/classes/org/grails/plugin/resource/ResourceTagLib$_closure7.class
 create mode 100644 target-eclipse/classes/org/grails/plugin/resource/ResourceTagLib$_closure8.class
 create mode 100644 target-eclipse/classes/org/grails/plugin/resource/ResourceTagLib$_closure9.class
 create mode 100644 target-eclipse/classes/org/grails/plugin/resource/ResourceTagLib$_resolveResourceAndURI_closure12.class
 create mode 100644 target-eclipse/classes/org/grails/plugin/resource/ResourceTagLib$_writeAttrs_closure11.class
 create mode 100644 target-eclipse/classes/org/grails/plugin/resource/ResourceTagLib.class
 create mode 100644 target-eclipse/classes/org/grails/plugin/resource/URLUtils.class
 create mode 100644 target-eclipse/classes/org/grails/plugin/resource/mapper/MapperPhase.class
 create mode 100644 target-eclipse/classes/org/grails/plugin/resource/mapper/ResourceMapper$_closure1.class
 create mode 100644 target-eclipse/classes/org/grails/plugin/resource/mapper/ResourceMapper$_getDefaultExcludes_closure8.class
 create mode 100644 target-eclipse/classes/org/grails/plugin/resource/mapper/ResourceMapper$_getDefaultIncludes_closure9.class
 create mode 100644 target-eclipse/classes/org/grails/plugin/resource/mapper/ResourceMapper$_getExcludes_closure10.class
 create mode 100644 target-eclipse/classes/org/grails/plugin/resource/mapper/ResourceMapper$_getExcludingPattern_closure2.class
 create mode 100644 target-eclipse/classes/org/grails/plugin/resource/mapper/ResourceMapper$_getIncludes_closure11.class
 create mode 100644 target-eclipse/classes/org/grails/plugin/resource/mapper/ResourceMapper$_getIncludingPattern_closure3.class
 create mode 100644 target-eclipse/classes/org/grails/plugin/resource/mapper/ResourceMapper$_getName_closure7.class
 create mode 100644 target-eclipse/classes/org/grails/plugin/resource/mapper/ResourceMapper$_getOperation_closure5.class
 create mode 100644 target-eclipse/classes/org/grails/plugin/resource/mapper/ResourceMapper$_getPhase_closure4.class
 create mode 100644 target-eclipse/classes/org/grails/plugin/resource/mapper/ResourceMapper$_getPriority_closure6.class
 create mode 100644 target-eclipse/classes/org/grails/plugin/resource/mapper/ResourceMapper.class
 create mode 100644 target-eclipse/classes/org/grails/plugin/resource/mapper/ResourceMappersFactory$_createResourceMappers_closure1.class
 create mode 100644 target-eclipse/classes/org/grails/plugin/resource/mapper/ResourceMappersFactory$_createResourceMappers_closure2.class
 create mode 100644 target-eclipse/classes/org/grails/plugin/resource/mapper/ResourceMappersFactory$_createResourceMappers_closure2_closure7.class
 create mode 100644 target-eclipse/classes/org/grails/plugin/resource/mapper/ResourceMappersFactory$_createResourceMappers_closure3.class
 create mode 100644 target-eclipse/classes/org/grails/plugin/resource/mapper/ResourceMappersFactory$_createResourceMappers_closure4.class
 create mode 100644 target-eclipse/classes/org/grails/plugin/resource/mapper/ResourceMappersFactory$_createResourceMappers_closure5.class
 create mode 100644 target-eclipse/classes/org/grails/plugin/resource/mapper/ResourceMappersFactory$_createResourceMappers_closure6.class
 create mode 100644 target-eclipse/classes/org/grails/plugin/resource/mapper/ResourceMappersFactory.class
 create mode 100644 target-eclipse/classes/org/grails/plugin/resource/module/ModuleBuilder.class
 create mode 100644 target-eclipse/classes/org/grails/plugin/resource/module/ModuleDeclarationsFactory$_getModuleDeclarations_closure1.class
 create mode 100644 target-eclipse/classes/org/grails/plugin/resource/module/ModuleDeclarationsFactory$_getModuleDeclarations_closure2.class
 create mode 100644 target-eclipse/classes/org/grails/plugin/resource/module/ModuleDeclarationsFactory$_getModuleDeclarations_closure3.class
 create mode 100644 target-eclipse/classes/org/grails/plugin/resource/module/ModuleDeclarationsFactory.class
 create mode 100644 target-eclipse/classes/org/grails/plugin/resource/module/ModulesBuilder$_invokeMethod_closure1.class
 create mode 100644 target-eclipse/classes/org/grails/plugin/resource/module/ModulesBuilder.class
 create mode 100644 target-eclipse/classes/org/grails/plugin/resource/util/HalfBakedLegacyLinkGenerator.class
 create mode 100644 target-eclipse/classes/org/grails/plugin/resource/util/ResourceMetaStore$_addResource_closure1.class
 create mode 100644 target-eclipse/classes/org/grails/plugin/resource/util/ResourceMetaStore.class
 create mode 100644 target-eclipse/classes/org/grails/plugin/resources/artefacts/AbstractResourcesArtefactHandler.class
 create mode 100644 target-eclipse/classes/org/grails/plugin/resources/artefacts/DefaultResourceMapperClass.class
 create mode 100644 target-eclipse/classes/org/grails/plugin/resources/artefacts/DefaultResourcesClass.class
 create mode 100644 target-eclipse/classes/org/grails/plugin/resources/artefacts/ResourceMapperArtefactHandler.class
 create mode 100644 target-eclipse/classes/org/grails/plugin/resources/artefacts/ResourceMapperClass.class
 create mode 100644 target-eclipse/classes/org/grails/plugin/resources/artefacts/ResourcesArtefactHandler.class
 create mode 100644 target-eclipse/classes/org/grails/plugin/resources/artefacts/ResourcesClass.class
 create mode 100644 target-eclipse/classes/resources$_run_closure1.class
 create mode 100644 target-eclipse/classes/resources.class
 create mode 100644 target/classes/ApplicationResources$_run_closure1.class
 create mode 100644 target/classes/ApplicationResources$_run_closure1_closure2.class
 create mode 100644 target/classes/ApplicationResources.class
 create mode 100644 target/classes/BootStrap$_closure1.class
 create mode 100644 target/classes/BootStrap$_closure2.class
 create mode 100644 target/classes/BootStrap.class
 create mode 100644 target/classes/BuildConfig$_run_closure1.class
 create mode 100644 target/classes/BuildConfig$_run_closure1_closure2.class
 create mode 100644 target/classes/BuildConfig$_run_closure1_closure3.class
 create mode 100644 target/classes/BuildConfig$_run_closure1_closure4.class
 create mode 100644 target/classes/BuildConfig$_run_closure1_closure5.class
 create mode 100644 target/classes/BuildConfig.class
 create mode 100644 target/classes/Config$_run_closure1.class
 create mode 100644 target/classes/Config$_run_closure1_closure3.class
 create mode 100644 target/classes/Config$_run_closure1_closure4.class
 create mode 100644 target/classes/Config$_run_closure2.class
 create mode 100644 target/classes/Config.class
 create mode 100644 target/classes/DataSource$_run_closure1.class
 create mode 100644 target/classes/DataSource$_run_closure2.class
 create mode 100644 target/classes/DataSource$_run_closure3.class
 create mode 100644 target/classes/DataSource$_run_closure3_closure4.class
 create mode 100644 target/classes/DataSource$_run_closure3_closure4_closure7.class
 create mode 100644 target/classes/DataSource$_run_closure3_closure5.class
 create mode 100644 target/classes/DataSource$_run_closure3_closure5_closure8.class
 create mode 100644 target/classes/DataSource$_run_closure3_closure6.class
 create mode 100644 target/classes/DataSource$_run_closure3_closure6_closure9.class
 create mode 100644 target/classes/DataSource$_run_closure3_closure6_closure9_closure10.class
 create mode 100644 target/classes/DataSource.class
 create mode 100644 target/classes/UrlMappings$__clinit__closure1.class
 create mode 100644 target/classes/UrlMappings$__clinit__closure1_closure2.class
 create mode 100644 target/classes/UrlMappings$__clinit__closure1_closure2_closure3.class
 create mode 100644 target/classes/UrlMappings.class
 create mode 100644 target/classes/application.properties
 create mode 100644 target/classes/resources$_run_closure1.class
 create mode 100644 target/classes/resources.class
 create mode 100644 target/stacktrace.log
 create mode 100644 web-app/WEB-INF/applicationContext.xml
 create mode 100644 web-app/WEB-INF/sitemesh.xml
 create mode 100644 web-app/WEB-INF/tld/c.tld
 create mode 100644 web-app/WEB-INF/tld/fmt.tld
 create mode 100644 web-app/WEB-INF/tld/grails.tld
 create mode 100644 web-app/WEB-INF/tld/spring.tld
 create mode 100644 web-app/css/errors.css
 create mode 100644 web-app/css/main.css
 create mode 100644 web-app/css/mobile.css
 create mode 100644 web-app/images/apple-touch-icon-retina.png
 create mode 100644 web-app/images/apple-touch-icon.png
 create mode 100644 web-app/images/favicon.ico
 create mode 100644 web-app/images/grails_logo.jpg
 create mode 100644 web-app/images/grails_logo.png
 create mode 100644 web-app/images/leftnav_btm.png
 create mode 100644 web-app/images/leftnav_midstretch.png
 create mode 100644 web-app/images/leftnav_top.png
 create mode 100644 web-app/images/skin/database_add.png
 create mode 100644 web-app/images/skin/database_delete.png
 create mode 100644 web-app/images/skin/database_edit.png
 create mode 100644 web-app/images/skin/database_save.png
 create mode 100644 web-app/images/skin/database_table.png
 create mode 100644 web-app/images/skin/exclamation.png
 create mode 100644 web-app/images/skin/house.png
 create mode 100644 web-app/images/skin/information.png
 create mode 100644 web-app/images/skin/shadow.jpg
 create mode 100644 web-app/images/skin/sorted_asc.gif
 create mode 100644 web-app/images/skin/sorted_desc.gif
 create mode 100644 web-app/images/spinner.gif
 create mode 100644 web-app/images/springsource.png
 create mode 100644 web-app/js/application.js

Martin@Martin-PC MINGW64 /c/ws_grails/ProjectTracker (master)
$ git push origin master
To https://github.com/magrellet/ProjectTracker.git
 ! [rejected]        master -> master (fetch first)
error: failed to push some refs to 'https://github.com/magrellet/ProjectTracker.git'
hint: Updates were rejected because the remote contains work that you do
hint: not have locally. This is usually caused by another repository pushing
hint: to the same ref. You may want to first integrate the remote changes
hint: (e.g., 'git pull ...') before pushing again.
hint: See the 'Note about fast-forwards' in 'git push --help' for details.

Martin@Martin-PC MINGW64 /c/ws_grails/ProjectTracker (master)
$ git fetch
warning: no common commits
remote: Counting objects: 3, done.
remote: Total 3 (delta 0), reused 0 (delta 0), pack-reused 0
Unpacking objects: 100% (3/3), done.
From https://github.com/magrellet/ProjectTracker
 * [new branch]      master     -> origin/master

Martin@Martin-PC MINGW64 /c/ws_grails/ProjectTracker (master)
$ git status
On branch master
nothing to commit, working directory clean

Martin@Martin-PC MINGW64 /c/ws_grails/ProjectTracker (master)
$ git push origin master
To https://github.com/magrellet/ProjectTracker.git
 ! [rejected]        master -> master (non-fast-forward)
error: failed to push some refs to 'https://github.com/magrellet/ProjectTracker.git'
hint: Updates were rejected because the tip of your current branch is behind
hint: its remote counterpart. Integrate the remote changes (e.g.
hint: 'git pull ...') before pushing again.
hint: See the 'Note about fast-forwards' in 'git push --help' for details.

Martin@Martin-PC MINGW64 /c/ws_grails/ProjectTracker (master)
$ git pull --rebase
There is no tracking information for the current branch.
Please specify which branch you want to rebase against.
See git-pull(1) for details.

    git pull <remote> <branch>

If you wish to set tracking information for this branch you can do so with:

    git branch --set-upstream-to=origin/<branch> master


Martin@Martin-PC MINGW64 /c/ws_grails/ProjectTracker (master)
$ git status
On branch master
nothing to commit, working directory clean

Martin@Martin-PC MINGW64 /c/ws_grails/ProjectTracker (master)
$ git fetch

Martin@Martin-PC MINGW64 /c/ws_grails/ProjectTracker (master)
$ git push origin master
To https://github.com/magrellet/ProjectTracker.git
 ! [rejected]        master -> master (non-fast-forward)
error: failed to push some refs to 'https://github.com/magrellet/ProjectTracker.git'
hint: Updates were rejected because the tip of your current branch is behind
hint: its remote counterpart. Integrate the remote changes (e.g.
hint: 'git pull ...') before pushing again.
hint: See the 'Note about fast-forwards' in 'git push --help' for details.

Martin@Martin-PC MINGW64 /c/ws_grails/ProjectTracker (master)
$ git remote add origin https://github.com/magrellet/ProjectTracker.git
fatal: remote origin already exists.

Martin@Martin-PC MINGW64 /c/ws_grails/ProjectTracker (master)
$ git status
On branch master
nothing to commit, working directory clean

Martin@Martin-PC MINGW64 /c/ws_grails/ProjectTracker (master)
$ git status
On branch master
nothing to commit, working directory clean

Martin@Martin-PC MINGW64 /c/ws_grails/ProjectTracker (master)
$ git push origin master
To https://github.com/magrellet/ProjectTracker.git
 ! [rejected]        master -> master (non-fast-forward)
error: failed to push some refs to 'https://github.com/magrellet/ProjectTracker.git'
hint: Updates were rejected because the tip of your current branch is behind
hint: its remote counterpart. Integrate the remote changes (e.g.
hint: 'git pull ...') before pushing again.
hint: See the 'Note about fast-forwards' in 'git push --help' for details.

Martin@Martin-PC MINGW64 /c/ws_grails/ProjectTracker (master)
$ git push --force origin master
Counting objects: 327, done.
Delta compression using up to 8 threads.
Compressing objects: 100% (312/312), done.
Writing objects: 100% (327/327), 481.04 KiB | 0 bytes/s, done.
Total 327 (delta 148), reused 0 (delta 0)
To https://github.com/magrellet/ProjectTracker.git
 + ec12b85...2ed0035 master -> master (forced update)

Martin@Martin-PC MINGW64 /c/ws_grails/ProjectTracker (master)
$ git fetch

Martin@Martin-PC MINGW64 /c/ws_grails/ProjectTracker (master)
$ git status
On branch master
nothing to commit, working directory clean

Martin@Martin-PC MINGW64 /c/ws_grails/ProjectTracker (master)
$ git checkout dev
error: pathspec 'dev' did not match any file(s) known to git.

Martin@Martin-PC MINGW64 /c/ws_grails/ProjectTracker (master)
$ git branch dev

Martin@Martin-PC MINGW64 /c/ws_grails/ProjectTracker (master)
$ git checkout dev
Switched to branch 'dev'

Martin@Martin-PC MINGW64 /c/ws_grails/ProjectTracker (dev)
$ git status
On branch dev
Changes not staged for commit:
  (use "git add <file>..." to update what will be committed)
  (use "git checkout -- <file>..." to discard changes in working directory)

        modified:   target/classes/resources.class

Untracked files:
  (use "git add <file>..." to include in what will be committed)

        grails-app/controllers/
        target-eclipse/classes/projecttracker/
        target/classes/projecttracker/
        test/

no changes added to commit (use "git add" and/or "git commit -a")

Martin@Martin-PC MINGW64 /c/ws_grails/ProjectTracker (dev)
$ git commit -m "first controller"
On branch dev
Changes not staged for commit:
        modified:   target/classes/resources.class

Untracked files:
        grails-app/controllers/
        target-eclipse/classes/projecttracker/
        target/classes/projecttracker/
        test/

no changes added to commit

Martin@Martin-PC MINGW64 /c/ws_grails/ProjectTracker (dev)
$ git status
On branch dev
Changes not staged for commit:
  (use "git add <file>..." to update what will be committed)
  (use "git checkout -- <file>..." to discard changes in working directory)

        modified:   target/classes/resources.class

Untracked files:
  (use "git add <file>..." to include in what will be committed)

        grails-app/controllers/
        target-eclipse/classes/projecttracker/
        target/classes/projecttracker/
        test/

no changes added to commit (use "git add" and/or "git commit -a")

Martin@Martin-PC MINGW64 /c/ws_grails/ProjectTracker (dev)
$ git add .
warning: LF will be replaced by CRLF in grails-app/controllers/projecttracker/ListProjectController.groovy.
The file will have its original line endings in your working directory.
warning: LF will be replaced by CRLF in test/unit/projecttracker/ListProjectControllerTests.groovy.
The file will have its original line endings in your working directory.

Martin@Martin-PC MINGW64 /c/ws_grails/ProjectTracker (dev)
$ git commit -m "first controller"
[dev 871d9a0] first controller
warning: LF will be replaced by CRLF in grails-app/controllers/projecttracker/ListProjectController.groovy.
The file will have its original line endings in your working directory.
warning: LF will be replaced by CRLF in test/unit/projecttracker/ListProjectControllerTests.groovy.
The file will have its original line endings in your working directory.
 12 files changed, 35 insertions(+)
 create mode 100644 grails-app/controllers/projecttracker/ListProjectController.groovy
 create mode 100644 target-eclipse/classes/projecttracker/ListProjectController$_closure1.class
 create mode 100644 target-eclipse/classes/projecttracker/ListProjectController$_closure2.class
 create mode 100644 target-eclipse/classes/projecttracker/ListProjectController$_closure3.class
 create mode 100644 target-eclipse/classes/projecttracker/ListProjectController.class
 create mode 100644 target-eclipse/classes/projecttracker/ListProjectControllerTests.class
 create mode 100644 target/classes/projecttracker/ListProjectController$_closure1.class
 create mode 100644 target/classes/projecttracker/ListProjectController$_closure2.class
 create mode 100644 target/classes/projecttracker/ListProjectController$_closure3.class
 create mode 100644 target/classes/projecttracker/ListProjectController.class
 create mode 100644 test/unit/projecttracker/ListProjectControllerTests.groovy

Martin@Martin-PC MINGW64 /c/ws_grails/ProjectTracker (dev)
$ git push origin dev
Counting objects: 26, done.
Delta compression using up to 8 threads.
Compressing objects: 100% (22/22), done.
Writing objects: 100% (26/26), 25.39 KiB | 0 bytes/s, done.
Total 26 (delta 8), reused 0 (delta 0)
To https://github.com/magrellet/ProjectTracker.git
 * [new branch]      dev -> dev

Martin@Martin-PC MINGW64 /c/ws_grails/ProjectTracker (dev)
$ git status
On branch dev
Changes not staged for commit:
  (use "git add <file>..." to update what will be committed)
  (use "git checkout -- <file>..." to discard changes in working directory)

        modified:   grails-app/controllers/projecttracker/ListProjectController.groovy
        modified:   target-eclipse/classes/projecttracker/ListProjectController$_closure2.class
        modified:   target-eclipse/classes/projecttracker/ListProjectController$_closure3.class
        modified:   target/classes/projecttracker/ListProjectController$_closure2.class
        modified:   target/classes/projecttracker/ListProjectController$_closure3.class
        modified:   target/classes/projecttracker/ListProjectController.class
        modified:   target/classes/resources.class

Untracked files:
  (use "git add <file>..." to include in what will be committed)

        grails-app/views/listProject/

no changes added to commit (use "git add" and/or "git commit -a")

Martin@Martin-PC MINGW64 /c/ws_grails/ProjectTracker (dev)
$ git add .
warning: LF will be replaced by CRLF in grails-app/controllers/projecttracker/ListProjectController.groovy.
The file will have its original line endings in your working directory.

Martin@Martin-PC MINGW64 /c/ws_grails/ProjectTracker (dev)
$ git commit -m "adding the view and changing the controller"
[dev warning: LF will be replaced by CRLF in grails-app/controllers/projecttracker/ListProjectController.groovy.
The file will have its original line endings in your working directory.
warning: LF will be replaced by CRLF in grails-app/controllers/projecttracker/ListProjectController.groovy.
The file will have its original line endings in your working directory.
a43e9ff] adding the view and changing the controller
warning: LF will be replaced by CRLF in grails-app/controllers/projecttracker/ListProjectController.groovy.
The file will have its original line endings in your working directory.
 8 files changed, 21 insertions(+), 1 deletion(-)
 create mode 100644 grails-app/views/listProject/current.gsp
 rewrite target-eclipse/classes/projecttracker/ListProjectController$_closure2.class (76%)
 rewrite target/classes/projecttracker/ListProjectController$_closure2.class (80%)

Martin@Martin-PC MINGW64 /c/ws_grails/ProjectTracker (dev)
$ git push origin dev
Counting objects: 21, done.
Delta compression using up to 8 threads.
Compressing objects: 100% (18/18), done.
Writing objects: 100% (21/21), 4.49 KiB | 0 bytes/s, done.
Total 21 (delta 10), reused 0 (delta 0)
To https://github.com/magrellet/ProjectTracker.git
   871d9a0..a43e9ff  dev -> dev

Martin@Martin-PC MINGW64 /c/ws_grails/ProjectTracker (dev)
$
